2026-05-12 11:55:58.073 Uvicorn server started on 0.0.0.0:8501

  You can now view your Streamlit app in your browser.

  Local URL: http://localhost:8501
  Network URL: http://192.168.1.101:8501
  External URL: http://195.174.246.143:8501

/home/bertug/workspace/istanbul-traffic/app/dashboard.py:268: DeprecationWarning: 
folium_static is deprecated and will be removed in a future release, or
simply replaced with with st_folium which always passes
returned_objects=[] to the component.
Please try using st_folium instead, and
post an issue at https://github.com/randyzwitch/streamlit-folium/issues
if you experience issues with st_folium.

  folium_static(m, width=1200, height=500)
2026-05-12 11:56:29.078 Please replace `st.components.v1.html` with `st.iframe`.

`st.components.v1.html` will be removed after 2026-06-01.
/home/bertug/workspace/istanbul-traffic/app/dashboard.py:268: DeprecationWarning: 
folium_static is deprecated and will be removed in a future release, or
simply replaced with with st_folium which always passes
returned_objects=[] to the component.
Please try using st_folium instead, and
post an issue at https://github.com/randyzwitch/streamlit-folium/issues
if you experience issues with st_folium.

  folium_static(m, width=1200, height=500)
2026-05-12 11:56:40.318 Please replace `st.components.v1.html` with `st.iframe`.

`st.components.v1.html` will be removed after 2026-06-01.
/home/bertug/workspace/istanbul-traffic/app/dashboard.py:268: DeprecationWarning: 
folium_static is deprecated and will be removed in a future release, or
simply replaced with with st_folium which always passes
returned_objects=[] to the component.
Please try using st_folium instead, and
post an issue at https://github.com/randyzwitch/streamlit-folium/issues
if you experience issues with st_folium.

  folium_static(m, width=1200, height=500)
2026-05-12 11:56:55.369 Please replace `st.components.v1.html` with `st.iframe`.

`st.components.v1.html` will be removed after 2026-06-01.
/home/bertug/workspace/istanbul-traffic/app/dashboard.py:268: DeprecationWarning: 
folium_static is deprecated and will be removed in a future release, or
simply replaced with with st_folium which always passes
returned_objects=[] to the component.
Please try using st_folium instead, and
post an issue at https://github.com/randyzwitch/streamlit-folium/issues
if you experience issues with st_folium.

  folium_static(m, width=1200, height=500)
2026-05-12 11:57:04.913 Please replace `st.components.v1.html` with `st.iframe`.

`st.components.v1.html` will be removed after 2026-06-01.
/home/bertug/workspace/istanbul-traffic/app/dashboard.py:268: DeprecationWarning: 
folium_static is deprecated and will be removed in a future release, or
simply replaced with with st_folium which always passes
returned_objects=[] to the component.
Please try using st_folium instead, and
post an issue at https://github.com/randyzwitch/streamlit-folium/issues
if you experience issues with st_folium.

  folium_static(m, width=1200, height=500)
2026-05-12 11:57:15.754 Please replace `st.components.v1.html` with `st.iframe`.

`st.components.v1.html` will be removed after 2026-06-01.
/home/bertug/workspace/istanbul-traffic/app/dashboard.py:268: DeprecationWarning: 
folium_static is deprecated and will be removed in a future release, or
simply replaced with with st_folium which always passes
returned_objects=[] to the component.
Please try using st_folium instead, and
post an issue at https://github.com/randyzwitch/streamlit-folium/issues
if you experience issues with st_folium.

  folium_static(m, width=1200, height=500)
2026-05-12 11:57:28.927 Please replace `st.components.v1.html` with `st.iframe`.

`st.components.v1.html` will be removed after 2026-06-01.
/home/bertug/workspace/istanbul-traffic/app/dashboard.py:268: DeprecationWarning: 
folium_static is deprecated and will be removed in a future release, or
simply replaced with with st_folium which always passes
returned_objects=[] to the component.
Please try using st_folium instead, and
post an issue at https://github.com/randyzwitch/streamlit-folium/issues
if you experience issues with st_folium.

  folium_static(m, width=1200, height=500)
2026-05-12 11:57:36.062 Please replace `st.components.v1.html` with `st.iframe`.

`st.components.v1.html` will be removed after 2026-06-01.
/home/bertug/workspace/istanbul-traffic/app/dashboard.py:268: DeprecationWarning: 
folium_static is deprecated and will be removed in a future release, or
simply replaced with with st_folium which always passes
returned_objects=[] to the component.
Please try using st_folium instead, and
post an issue at https://github.com/randyzwitch/streamlit-folium/issues
if you experience issues with st_folium.

  folium_static(m, width=1200, height=500)
2026-05-12 11:57:50.061 Please replace `st.components.v1.html` with `st.iframe`.

`st.components.v1.html` will be removed after 2026-06-01.
/home/bertug/workspace/istanbul-traffic/app/dashboard.py:268: DeprecationWarning: 
folium_static is deprecated and will be removed in a future release, or
simply replaced with with st_folium which always passes
returned_objects=[] to the component.
Please try using st_folium instead, and
post an issue at https://github.com/randyzwitch/streamlit-folium/issues
if you experience issues with st_folium.

  folium_static(m, width=1200, height=500)
2026-05-12 11:58:15.214 Please replace `st.components.v1.html` with `st.iframe`.

`st.components.v1.html` will be removed after 2026-06-01.
/home/bertug/workspace/istanbul-traffic/app/dashboard.py:268: DeprecationWarning: 
folium_static is deprecated and will be removed in a future release, or
simply replaced with with st_folium which always passes
returned_objects=[] to the component.
Please try using st_folium instead, and
post an issue at https://github.com/randyzwitch/streamlit-folium/issues
if you experience issues with st_folium.

  folium_static(m, width=1200, height=500)
2026-05-12 11:58:15.717 Please replace `st.components.v1.html` with `st.iframe`.

`st.components.v1.html` will be removed after 2026-06-01.
/home/bertug/workspace/istanbul-traffic/app/dashboard.py:268: DeprecationWarning: 
folium_static is deprecated and will be removed in a future release, or
simply replaced with with st_folium which always passes
returned_objects=[] to the component.
Please try using st_folium instead, and
post an issue at https://github.com/randyzwitch/streamlit-folium/issues
if you experience issues with st_folium.

  folium_static(m, width=1200, height=500)
2026-05-12 11:58:19.963 Please replace `st.components.v1.html` with `st.iframe`.

`st.components.v1.html` will be removed after 2026-06-01.
/home/bertug/workspace/istanbul-traffic/app/dashboard.py:268: DeprecationWarning: 
folium_static is deprecated and will be removed in a future release, or
simply replaced with with st_folium which always passes
returned_objects=[] to the component.
Please try using st_folium instead, and
post an issue at https://github.com/randyzwitch/streamlit-folium/issues
if you experience issues with st_folium.

  folium_static(m, width=1200, height=500)
2026-05-12 11:58:25.557 Please replace `st.components.v1.html` with `st.iframe`.

`st.components.v1.html` will be removed after 2026-06-01.
/home/bertug/workspace/istanbul-traffic/app/dashboard.py:268: DeprecationWarning: 
folium_static is deprecated and will be removed in a future release, or
simply replaced with with st_folium which always passes
returned_objects=[] to the component.
Please try using st_folium instead, and
post an issue at https://github.com/randyzwitch/streamlit-folium/issues
if you experience issues with st_folium.

  folium_static(m, width=1200, height=500)
2026-05-12 11:58:29.186 Please replace `st.components.v1.html` with `st.iframe`.

`st.components.v1.html` will be removed after 2026-06-01.
